[template-nula-cosmcleticok.blogspot.com/index.html]
[backblue.gif]
[fade.gif]
[index.html]
[template-nula-cosmcleticok.blogspot.com/favicon.ico]
[template-nula-cosmcleticok.blogspot.com/feeds/posts/default]
[template-nula-cosmcleticok.blogspot.com/feeds/posts/default9522]
[1.bp.blogspot.com/-OvEDCp-fV6o/X1h0isebtyI/AAAAAAAAPnk/pWVy1fgdpEUajdhka2Np-hU_-WTKA79fgCLcBGAsYHQ/s16000/g.jpg]
[template-nula-cosmcleticok.blogspot.com/owl.video.play.4.delayed]
[bizweb.dktcdn.net/100/368/647/themes/739567/assets/bg_title8192.png]
[bizweb.dktcdn.net/100/368/647/themes/739567/assets/ico-select8192.png]
[bizweb.dktcdn.net/100/368/647/themes/739567/assets/bg_popcart8192.png]
[2.bp.blogspot.com/-AaykUlWGAfw/YJkg2rv8QlI/AAAAAAAAS2E/1MciRu0uk5A34GV5_kW6VtWEcLa6hprmQCK4BGAYYCw/s1600/logo.png]
[1.bp.blogspot.com/-i8TF1s6I6EQ/YJkNrxRaLgI/AAAAAAAAS14/XXVSPOoYpCgiw7qswA-Z2Imoohj02fi9wCK4BGAYYCw/s1600/logo.png]
[template-nula-cosmcleticok.blogspot.com/p/cart.html]
[template-nula-cosmcleticok.blogspot.com/p/gioi-thieu.html]
[template-nula-cosmcleticok.blogspot.com/search/label/san-pham.html]
[template-nula-cosmcleticok.blogspot.com/search/label/nuoc-hoa.html]
[template-nula-cosmcleticok.blogspot.com/search/label/che-khuyet-diem.html]
[template-nula-cosmcleticok.blogspot.com/search/label/son-moi.html]
[template-nula-cosmcleticok.blogspot.com/p/he-thong-cua-hang.html]
[template-nula-cosmcleticok.blogspot.com/search/label/tin-tuc.html]
[3.bp.blogspot.com/-bxwOkVs9ETE/YJkicnlp9rI/AAAAAAAAS2Q/OQUK9QZKxJ0SwrrXObBlsERRiSrJdiqjACK4BGAYYCw/s1600/banner_menu.jpg]
[template-nula-cosmcleticok.blogspot.com/p/lien-he.html]
[1.bp.blogspot.com/-5hfiO_Nwth8/Xsse35XFBtI/AAAAAAAAMIw/z_XDfP4QERwWJ65Vj7r4Ny7WbDTLeJewACLcBGAsYHQ/s1600/hinh-1.jpg]
[bizweb.dktcdn.net/thumb/grande/100/368/647/themes/739567/assets/banner_11160.jpg]
[bizweb.dktcdn.net/thumb/grande/100/368/647/themes/739567/assets/banner_21160.jpg]
[3.bp.blogspot.com/-mJ0HVPuiH2s/YJkjgmDRqXI/AAAAAAAAS2c/JVnOkkFiI6cucYeR7IU7F8e2FLPebuIIACK4BGAYYCw/s1600/banner.jpg]
[template-nula-cosmcleticok.blogspot.com/search/label/my-pham-nu.html]
[template-nula-cosmcleticok.blogspot.com/search/lael/san-pham.19.delayed]
[4.bp.blogspot.com/-InTfLK3qHiw/YJnRvOTIvqI/AAAAAAAAS2o/hf2yAuZopvUtOg6OZ9xfIKXmFpQmAZLyQCK4BGAYYCw/s1600/logo.png]
[1.bp.blogspot.com/-hFQawJOwJW8/XsugFJ0VGLI/AAAAAAAAMJs/fYs8w4a-jkgdeUfnYtBj3SB6hg3M8tLuQCLcBGAsYHQ/s1600/bocongthuong.png]
[template-nula-cosmcleticok.blogspot.com/cart.1c.delayed]
[cdnjs.cloudflare.com/ajax/libs/OwlCarousel2/2.1.4/owl.carousel.min.js]
[cdnjs.cloudflare.com/ajax/libs/twitter-bootstrap/3.3.7/js/bootstrap.min.js]
[use.fontawesome.com/releases/v5.7.2/css/all.css]
[3.bp.blogspot.com/-Yw8BIuvwoSQ/VsjkCIMoltI/AAAAAAAAC4c/s55PW6xEKn0/w480-h330-p-k-no-nu/nth.png]
[3.bp.blogspot.com/-Yw8BIuvwoSQ/VsjkCIMoltI/AAAAAAAAC4c/s55PW6xEKn0/w240-h240/nth.png]
[4.bp.blogspot.com/-00O66C-eBQs/W0IcokXSnOI/AAAAAAAAL_k/g4KtDm7SkQsoe7_G0vZ_C_nU0Gf_-kyVQCLcBGAs/w240-h240-p-k-no-nu/safe_image.png]
[3.bp.blogspot.com/-Yw8BIuvwoSQ/VsjkCIMoltI/AAAAAAAAC4c/s55PW6xEKn0/w480-h280/nth.png]
[template-nula-cosmcleticok.blogspot.com/img/ring-alt.24.delayed]
[www.blogger.com/static/v1/widgets/852648224-widgets.js]
[template-nula-cosmcleticok.blogspot.com/index.html]
[template-nula-cosmcleticok.blogspot.com/owl.video.play.html]
[template-nula-cosmcleticok.blogspot.com/p/owl.video.play.26.delayed]
[template-nula-cosmcleticok.blogspot.com/p/cart.html]
[template-nula-cosmcleticok.blogspot.com/p/checkout.html]
[1.bp.blogspot.com/-t0KMSlQ6roA/X1rScLkKRdI/AAAAAAAAPrA/iiB_mMMd1Wo9rxuaXclZOocJravaMB0IgCLcBGAsYHQ/w640-h384/bg_gioithieu.jpg]
[1.bp.blogspot.com/-t0KMSlQ6roA/X1rScLkKRdI/AAAAAAAAPrA/iiB_mMMd1Wo9rxuaXclZOocJravaMB0IgCLcBGAsYHQ/s902/bg_gioithieu.jpg]
[www.blogger.com/static/v1/jsbin/186635561-comment_from_post_iframe.js]
[template-nula-cosmcleticok.blogspot.com/p/gioi-thieu.html]
[1.bp.blogspot.com/-ZqUToAtkQ_s/X1g3Nz7N6vI/AAAAAAAAPms/VYHQd_I-x9wxs4U6QRaGxSdgCJfHUO2nACLcBGAsYHQ/s16000/12.jpg]
[3.bp.blogspot.com/-Yw8BIuvwoSQ/VsjkCIMoltI/AAAAAAAAC4c/s55PW6xEKn0/w348-h232-p-k-no-nu/nth.png]
[template-nula-cosmcleticok.blogspot.com/search/label/owl.video.play.html]
[template-nula-cosmcleticok.blogspot.com/search/img/ring-alt.2f.delayed]
[template-nula-cosmcleticok.blogspot.com/search/label/san-pham.html]
[template-nula-cosmcleticok.blogspot.com/search/label/nuoc-hoa.html]
[template-nula-cosmcleticok.blogspot.com/search/label/che-khuyet-diem.html]
[template-nula-cosmcleticok.blogspot.com/search/label/son-moi.html]
[template-nula-cosmcleticok.blogspot.com/p/he-thong-cua-hang.html]
[template-nula-cosmcleticok.blogspot.com/search/label/tin-tuc.html]
[template-nula-cosmcleticok.blogspot.com/p/lien-he.html]
[1.bp.blogspot.com/-7x0dC9wmucg/X1g21FpRYGI/AAAAAAAAPmk/x1Cd1fGJIhY3YwJM0Q8nVeScujgOqOibgCLcBGAsYHQ/s16000/l.jpg]
[template-nula-cosmcleticok.blogspot.com/search/label/my-pham-nu.html]
[template-nula-cosmcleticok.blogspot.com/search/lael/san-pham.html]
[template-nula-cosmcleticok.blogspot.com/cart.html]
[use.fontawesome.com/releases/v5.7.2/css/all.css]
[template-nula-cosmcleticok.blogspot.com/img/ring-alt.html]
[template-nula-cosmcleticok.blogspot.com/p/owl.video.play.html]
[www.blogger.com/dyn-css/authorizationc792.css]
[template-nula-cosmcleticok.blogspot.com/p/checkout.html]
[template-nula-cosmcleticok.blogspot.com/search/label/owl.video.play.html]
[template-nula-cosmcleticok.blogspot.com/search/img/ring-alt.html]
